COMMAND: python discovery/rebuild_and_check.py 14 15
WORKING_DIRECTORY: fresh copy of anc/general_witness; no pre-existing cache

n 14 p 1 rows 101
n 14 p 2 rows 255
n 14 p 3 rows 423
n 14 p 4 rows 633
n 14 p 5 rows 843
n 14 p 6 rows 1085
n 14 p 7 rows 1205
counts 2 12 2 entries 809 time 0.01
n 14 p 2 k 2 unique rows 1357
counts 3 11 2 entries 1141 time 0.01
n 14 p 3 k 2 unique rows 1511
counts 3 11 3 entries 1641 time 0.03
n 14 p 3 k 3 unique rows 1665
counts 4 10 2 entries 1656 time 0.01
n 14 p 4 k 2 unique rows 1847
counts 4 10 3 entries 2552 time 0.04
n 14 p 4 k 3 unique rows 2005
counts 4 10 4 entries 2952 time 0.17
n 14 p 4 k 4 unique rows 2163
counts 5 9 2 entries 1889 time 0.01
n 14 p 5 k 2 unique rows 2331
counts 5 9 3 entries 3289 time 0.06
n 14 p 5 k 3 unique rows 2467
counts 5 9 4 entries 3992 time 0.21
n 14 p 5 k 4 unique rows 2581
counts 5 9 5 entries 3683 time 0.75
n 14 p 5 k 5 unique rows 2695
counts 6 8 2 entries 2220 time 0.01
n 14 p 6 k 2 unique rows 2877
counts 6 8 3 entries 3818 time 0.06
n 14 p 6 k 3 unique rows 3013
counts 6 8 4 entries 5129 time 0.25
n 14 p 6 k 4 unique rows 3107
counts 6 8 5 entries 5040 time 0.51
n 14 p 6 k 5 unique rows 3173
counts 6 8 6 entries 3719 time 0.86
n 14 p 6 k 6 unique rows 3239
counts 7 7 2 entries 2179 time 0.01
n 14 p 7 k 2 unique rows 3320
counts 7 7 3 entries 3924 time 0.07
n 14 p 7 k 3 unique rows 3375
counts 7 7 4 entries 5110 time 0.25
n 14 p 7 k 4 unique rows 3407
counts 7 7 5 entries 5414 time 0.53
n 14 p 7 k 5 unique rows 3427
counts 7 7 6 entries 4046 time 0.66
n 14 p 7 k 6 unique rows 3442
counts 7 7 7 entries 1232 time 0.6
n 14 p 7 k 7 unique rows 3457
PASS: independent content checks for 813 symmetric-first-block labels
PASS: regenerated order 14; 5095 labels, 834 zeros, 3366 distinct rays
n 15 p 1 rows 135
n 15 p 2 rows 337
n 15 p 3 rows 568
n 15 p 4 rows 848
n 15 p 5 rows 1142
n 15 p 6 rows 1472
n 15 p 7 rows 1802
counts 2 13 2 entries 1154 time 0.01
n 15 p 2 k 2 unique rows 2002
counts 3 12 2 entries 1687 time 0.01
n 15 p 3 k 2 unique rows 2217
counts 3 12 3 entries 2504 time 0.05
n 15 p 3 k 3 unique rows 2432
counts 4 11 2 entries 2444 time 0.02
n 15 p 4 k 2 unique rows 2682
counts 4 11 3 entries 3972 time 0.06
n 15 p 4 k 3 unique rows 2905
counts 4 11 4 entries 4732 time 0.28
n 15 p 4 k 4 unique rows 3128
counts 5 10 2 entries 2916 time 0.02
n 15 p 5 k 2 unique rows 3376
counts 5 10 3 entries 5261 time 0.09
n 15 p 5 k 3 unique rows 3584
counts 5 10 4 entries 6726 time 0.36
n 15 p 5 k 4 unique rows 3762
counts 5 10 5 entries 6426 time 1.04
n 15 p 5 k 5 unique rows 3940
counts 6 9 2 entries 3408 time 0.02
n 15 p 6 k 2 unique rows 4206
counts 6 9 3 entries 6260 time 0.1
n 15 p 6 k 3 unique rows 4418
counts 6 9 4 entries 8637 time 0.49
n 15 p 6 k 4 unique rows 4577
counts 6 9 5 entries 9103 time 2.39
n 15 p 6 k 5 unique rows 4696
counts 6 9 6 entries 7372 time 3.08
n 15 p 6 k 6 unique rows 4815
counts 7 8 2 entries 3583 time 0.02
n 15 p 7 k 2 unique rows 5061
counts 7 8 3 entries 6701 time 0.11
n 15 p 7 k 3 unique rows 5241
counts 7 8 4 entries 9332 time 0.58
n 15 p 7 k 4 unique rows 5353
counts 7 8 5 entries 10345 time 1.59
n 15 p 7 k 5 unique rows 5420
counts 7 8 6 entries 9092 time 2.52
n 15 p 7 k 6 unique rows 5465
counts 7 8 7 entries 4594 time 2.59
n 15 p 7 k 7 unique rows 5510
PASS: independent content checks for 1132 symmetric-first-block labels
PASS: regenerated order 15; 8112 labels, 1310 zeros, 5398 distinct rays

EXIT_CODE=0
STATUS=PASS
ELAPSED_SECONDS=34.740
