{
  "status": "PASS",
  "order14_dimensions": {
    "(4, 4, 3, 3)": 12012,
    "(6, 5, 3)": 15015,
    "(6, 4, 4)": 9009,
    "(5, 5, 4)": 6006,
    "(5, 3, 3, 3)": 15015
  },
  "rectangle_dimension": 6006,
  "p14": 135,
  "p15": 176,
  "normalized_bridge_weights": [
    "20175/238048",
    "20175/238048",
    "39759/119024",
    "29545/59512"
  ],
  "common_denominator_form": {
    "numerators": [
      20175,
      20175,
      79518,
      118180
    ],
    "denominator": 238048
  },
  "weight_sum": "1",
  "degree_balance": 714858144,
  "order15_bridge_weight_sum": 1,
  "term120_separator_pairing": -2330
}
