COMMAND: python cone_audit.py
WORKING_DIRECTORY: isolated copy of anc/rectangle15_independent_audit

PASS: full central group (1,14; k=1), 135 labels
PASS: full central group (2,13; k=1), 202 labels
PASS: full central group (2,13; k=2), 202 labels
PASS: full central group (3,12; k=1), 231 labels
PASS: full central group (3,12; k=2), 231 labels
PASS: full central group (3,12; k=3), 231 labels
PASS: full central group (4,11; k=1), 280 labels
PASS: full central group (4,11; k=2), 280 labels
PASS: full central group (4,11; k=3), 280 labels
PASS: full central group (4,11; k=4), 280 labels
PASS: full central group (5,10; k=1), 294 labels
PASS: full central group (5,10; k=2), 294 labels
PASS: full central group (5,10; k=3), 294 labels
PASS: full central group (5,10; k=4), 294 labels
PASS: full central group (5,10; k=5), 294 labels
PASS: full central group (6,9; k=1), 330 labels
PASS: full central group (6,9; k=2), 330 labels
PASS: full central group (6,9; k=3), 330 labels
PASS: full central group (6,9; k=4), 330 labels
PASS: full central group (6,9; k=5), 330 labels
PASS: full central group (6,9; k=6), 330 labels
PASS: full central group (7,8; k=1), 330 labels
PASS: full central group (7,8; k=2), 330 labels
PASS: full central group (7,8; k=3), 330 labels
PASS: full central group (7,8; k=4), 330 labels
PASS: full central group (7,8; k=5), 330 labels
PASS: full central group (7,8; k=6), 330 labels
PASS: full central group (7,8; k=7), 330 labels
{
  "status": "PASS",
  "labels": 8112,
  "zero_labels": 1310,
  "distinct_nonzero_rays": 5398,
  "minimum_primitive_raw_separator_pairing": 98,
  "target_normalized_pairing": -300,
  "all_other_PDC_rays_nonnegative": true,
  "all_immanant_nonnegativity_rays_nonnegative": true,
  "all_Schur_lower_bound_rays_nonnegative": true,
  "groups": [
    [
      1,
      14,
      1,
      135
    ],
    [
      2,
      13,
      1,
      202
    ],
    [
      2,
      13,
      2,
      202
    ],
    [
      3,
      12,
      1,
      231
    ],
    [
      3,
      12,
      2,
      231
    ],
    [
      3,
      12,
      3,
      231
    ],
    [
      4,
      11,
      1,
      280
    ],
    [
      4,
      11,
      2,
      280
    ],
    [
      4,
      11,
      3,
      280
    ],
    [
      4,
      11,
      4,
      280
    ],
    [
      5,
      10,
      1,
      294
    ],
    [
      5,
      10,
      2,
      294
    ],
    [
      5,
      10,
      3,
      294
    ],
    [
      5,
      10,
      4,
      294
    ],
    [
      5,
      10,
      5,
      294
    ],
    [
      6,
      9,
      1,
      330
    ],
    [
      6,
      9,
      2,
      330
    ],
    [
      6,
      9,
      3,
      330
    ],
    [
      6,
      9,
      4,
      330
    ],
    [
      6,
      9,
      5,
      330
    ],
    [
      6,
      9,
      6,
      330
    ],
    [
      7,
      8,
      1,
      330
    ],
    [
      7,
      8,
      2,
      330
    ],
    [
      7,
      8,
      3,
      330
    ],
    [
      7,
      8,
      4,
      330
    ],
    [
      7,
      8,
      5,
      330
    ],
    [
      7,
      8,
      6,
      330
    ],
    [
      7,
      8,
      7,
      330
    ]
  ],
  "elapsed_seconds": 49.9006085395813
}

EXIT_CODE=0
STATUS=PASS
ELAPSED_SECONDS=51.509
