COMMAND: python audit.py
WORKING_DIRECTORY: isolated copy of anc/rectangle15_independent_audit

PASS: independent Jacobi--Trudi character tables and branching dimensions, n=0..15
PASS: concrete orbit enumerator equals full permutation sums in 12 small block configurations
PASS: 19 branching witnesses regenerated independently
PASS: independent defining character sums (1,14; k=1), 1 rows
PASS: independent defining character sums (2,13; k=1), 1 rows
PASS: independent defining character sums (2,13; k=2), 13 rows
PASS: independent defining character sums (3,12; k=1), 3 rows
PASS: independent defining character sums (3,12; k=3), 10 rows
PASS: independent defining character sums (4,11; k=1), 4 rows
PASS: independent defining character sums (4,11; k=3), 4 rows
PASS: independent defining character sums (4,11; k=4), 11 rows
PASS: independent defining character sums (5,10; k=1), 1 rows
PASS: independent defining character sums (5,10; k=3), 4 rows
PASS: independent defining character sums (5,10; k=4), 7 rows
PASS: independent defining character sums (5,10; k=5), 13 rows
PASS: independent defining character sums (6,9; k=1), 2 rows
PASS: independent defining character sums (6,9; k=2), 1 rows
PASS: independent defining character sums (6,9; k=3), 3 rows
PASS: independent defining character sums (6,9; k=4), 2 rows
PASS: independent defining character sums (6,9; k=5), 5 rows
PASS: independent defining character sums (6,9; k=6), 11 rows
PASS: independent defining character sums (7,8; k=1), 2 rows
PASS: independent defining character sums (7,8; k=2), 1 rows
PASS: independent defining character sums (7,8; k=3), 1 rows
PASS: independent defining character sums (7,8; k=6), 2 rows
PASS: independent defining character sums (7,8; k=7), 4 rows
PASS: 43 symmetric-block rows also checked by independent content-polynomial evaluations
PASS: all 125 stored rows agree, primitive signs preserved, all weights positive, all 176 final coordinates exact
PASS: term 120 separator pairing -116616500, normalized -2330
{
  "status": "PASS",
  "independent_character_method": "Jacobi-Trudi / cycle-to-labelled-block assignment",
  "central_method": "concrete permutation representatives and direct composition on 15 labels",
  "central_rows": 106,
  "branch_rows": 19,
  "coordinates": 176,
  "symmetric_content_checks": 43,
  "nonzero_final_coordinates": [
    [
      [
        15
      ],
      "15748636114880689482966677267308122014576548202950581199611116066650163907798643194186346784264811156613413642946363200"
    ],
    [
      [
        3,
        3,
        3,
        3,
        3
      ],
      "-2622150535278170077084028849035651351078346354137625907361158186255438546087020178852205591785682843258976630527200"
    ]
  ],
  "M": "2622150535278170077084028849035651351078346354137625907361158186255438546087020178852205591785682843258976630527200",
  "M_digits": 115,
  "f_target": 6006,
  "elapsed_seconds": 30.36808681488037
}

EXIT_CODE=0
STATUS=PASS
ELAPSED_SECONDS=31.384
