COMMAND: python structural.py
WORKING_DIRECTORY: isolated copy of anc/global_structure

{'n': 16, 'partitions': 231, 'old_covered': 227, 'new_covered': 227, 'newly_covered': 0, 'residual': 4, 'residual_4large': 2, 'residual_ge5large': 2}
{'n': 17, 'partitions': 297, 'old_covered': 290, 'new_covered': 290, 'newly_covered': 0, 'residual': 7, 'residual_4large': 2, 'residual_ge5large': 5}
{'n': 18, 'partitions': 385, 'old_covered': 367, 'new_covered': 367, 'newly_covered': 0, 'residual': 18, 'residual_4large': 8, 'residual_ge5large': 10}
{'n': 19, 'partitions': 490, 'old_covered': 459, 'new_covered': 461, 'newly_covered': 2, 'residual': 29, 'residual_4large': 10, 'residual_ge5large': 19}
{'n': 20, 'partitions': 627, 'old_covered': 573, 'new_covered': 575, 'newly_covered': 2, 'residual': 52, 'residual_4large': 19, 'residual_ge5large': 33}
{'n': 21, 'partitions': 792, 'old_covered': 707, 'new_covered': 709, 'newly_covered': 2, 'residual': 83, 'residual_4large': 27, 'residual_ge5large': 56}
{'n': 22, 'partitions': 1002, 'old_covered': 869, 'new_covered': 882, 'newly_covered': 13, 'residual': 120, 'residual_4large': 39, 'residual_ge5large': 81}
{'n': 23, 'partitions': 1255, 'old_covered': 1056, 'new_covered': 1070, 'newly_covered': 14, 'residual': 185, 'residual_4large': 55, 'residual_ge5large': 130}
{'n': 24, 'partitions': 1575, 'old_covered': 1281, 'new_covered': 1296, 'newly_covered': 15, 'residual': 279, 'residual_4large': 79, 'residual_ge5large': 200}
{'n': 25, 'partitions': 1958, 'old_covered': 1538, 'new_covered': 1558, 'newly_covered': 20, 'residual': 400, 'residual_4large': 101, 'residual_ge5large': 299}
{'n': 26, 'partitions': 2436, 'old_covered': 1840, 'new_covered': 1872, 'newly_covered': 32, 'residual': 564, 'residual_4large': 139, 'residual_ge5large': 425}
{'n': 27, 'partitions': 3010, 'old_covered': 2186, 'new_covered': 2236, 'newly_covered': 50, 'residual': 774, 'residual_4large': 173, 'residual_ge5large': 601}
{'n': 28, 'partitions': 3718, 'old_covered': 2587, 'new_covered': 2652, 'newly_covered': 65, 'residual': 1066, 'residual_4large': 230, 'residual_ge5large': 836}
{'n': 29, 'partitions': 4565, 'old_covered': 3040, 'new_covered': 3124, 'newly_covered': 84, 'residual': 1441, 'residual_4large': 289, 'residual_ge5large': 1152}
{'n': 30, 'partitions': 5604, 'old_covered': 3563, 'new_covered': 3685, 'newly_covered': 122, 'residual': 1919, 'residual_4large': 361, 'residual_ge5large': 1558}
long-row exact examples 1596

EXIT_CODE=0
STATUS=PASS
ELAPSED_SECONDS=5.783
