GAP_VERSION=4.16.0
CTBLLIB_VERSION=1.3.11
IDENTIFIER=B
ORDINARY_COUNT=184
REGULAR_POSITIONS_COUNT=27
BLOCK_LABELS=[ 1, 2 ]
BLOCK_DEFECTS=[ 41, 3 ]
PRINCIPAL_LABEL=1
BLOCK_1_K=179
BLOCK_1_RANK_RANKMAT=25
BLOCK_1_RANK_BASEMAT=25
BLOCK_1_LEFT_NULLITY=154
BLOCK_1_PIVOT_COLUMNS=[ 1, 2, 3, 4, 5, 6, 7, 8, 9, 10, 11, 12, 13, 14, 15, 
  16, 17, 18, 19, 20, 21, 22, 23, 24, 25 ]
BLOCK_1_PIVOT_MINOR_DET=-1
BLOCK_1_TRANSFORMATION_IDENTITY=true
BLOCK_2_K=5
BLOCK_2_RANK_RANKMAT=2
BLOCK_2_RANK_BASEMAT=2
BLOCK_2_LEFT_NULLITY=3
BLOCK_2_PIVOT_COLUMNS=[ 1, 2 ]
BLOCK_2_PIVOT_MINOR_DET=1
BLOCK_2_TRANSFORMATION_IDENTITY=true
BLOCK_2_INDICES=[ 119, 165, 166, 176, 177 ]
BLOCK_2_DEGREES=[ 2642676197359616, 9211433539600384, 9211433539600384, 
  11854109736960000, 11854109736960000 ]
ALL_RESTRICTIONS_RANK=27
COMBINED_BLOCK_BASES_RANK=27
GROUP_TWO_PART_EXPONENT=41
DEFECT_ZERO_INDICES=[  ]
DOUBLE_COVER_7_REGULAR_CLASS_COUNT=222
DOUBLE_COVER_DEFECT_2_SEVEN_BLOCK_LABELS=[ 1, 2, 4, 73 ]
DOUBLE_COVER_DEFECT_2_SEVEN_BLOCK_RANKS=[ 24, 24, 21, 24 ]
The Baby Monster calculations have the stated ranks and class counts.
