GAP_VERSION=4.16.0
CTBLLIB_VERSION=1.3.11
ORDER_SIMPLE=1255205709190661721292800
ORDER_COVER=3765617127571985163878400
PRIME_SUPPORT=[ 2, 3, 5, 7, 11, 13, 17, 23, 29 ]
CARRIER p=2 table=3.F3+ centre=3
CARRIER p=3 table=F3+ centre=1
CARRIER p=5 table=3.F3+ centre=3
CARRIER p=7 table=3.F3+ centre=3
CARRIER p=11 table=3.F3+ centre=3
CARRIER p=13 table=3.F3+ centre=3
CARRIER p=17 table=3.F3+ centre=3
CARRIER p=23 table=3.F3+ centre=3
CARRIER p=29 table=3.F3+ centre=3
OUTER_FUSIONS pair=3.F3+ -> 3.F3+.2 possible=128 distinct_actions=1
BLOCK_DATA label=P2 p=2 carrier=3.F3+ blocks=9 defects=[ [ 0, 2 ], [ 2, 1 ], [ 3, 3 ], [ 21, 3 ] ]
BLOCK label=P2 p=2 id=1 defect=21 outer=1 l=33 fixed=25 free2=4 centre=[ 1, 1, 1 ]
BLOCK label=P2 p=2 id=2 defect=2 outer=2 l=3 fixed=1 free2=1 centre=[ 1, 1, 1 ]
BLOCK label=P2 p=2 id=3 defect=3 outer=3 l=3 fixed=3 free2=0 centre=[ 1, 1, 1 ]
BLOCK label=P2 p=2 id=4 defect=0 outer=4 l=1 fixed=1 free2=0 centre=[ 1, 1, 1 ]
BLOCK label=P2 p=2 id=5 defect=0 outer=5 l=1 fixed=1 free2=0 centre=[ 1, 1, 1 ]
BLOCK label=P2 p=2 id=6 defect=21 outer=7 l=23 fixed=NA_SWAPPED free2=NA_SWAPPED centre=[ 1, E(3), E(3)^2 ]
BLOCK label=P2 p=2 id=7 defect=21 outer=6 l=23 fixed=NA_SWAPPED free2=NA_SWAPPED centre=[ 1, E(3)^2, E(3) ]
BLOCK label=P2 p=2 id=8 defect=3 outer=9 l=2 fixed=NA_SWAPPED free2=NA_SWAPPED centre=[ 1, E(3), E(3)^2 ]
BLOCK label=P2 p=2 id=9 defect=3 outer=8 l=2 fixed=NA_SWAPPED free2=NA_SWAPPED centre=[ 1, E(3)^2, E(3) ]
OUTER_FUSIONS pair=F3+ -> F3+.2 possible=8 distinct_actions=1
BLOCK_DATA label=P3 p=3 carrier=F3+ blocks=3 defects=[ [ 0, 1 ], [ 2, 1 ], [ 16, 1 ] ]
BLOCK label=P3 p=3 id=1 defect=16 outer=1 l=25 fixed=25 free2=0 centre=[ 1 ]
BLOCK label=P3 p=3 id=2 defect=2 outer=2 l=4 fixed=2 free2=1 centre=[ 1 ]
BLOCK label=P3 p=3 id=3 defect=0 outer=3 l=1 fixed=1 free2=0 centre=[ 1 ]
P3_LOCAL_MAXIMAL_SUBGROUP_POSITION=17
P3_LOCAL table=(3^2:2xG2(3)).2 core=[ 1, 18, 41 ] quotient_order=16982784 rows=[ 23, 24, 51, 52 ]
P3_LOCAL_CERTIFICATE=[ [ 23, 729, 2, 23, 2, 8 ], [ 24, 729, 3, 24, 2, 9 ], [ 51, 729, 5, 51, 2, 18 ], [ 52, 729, 6, 52, 2, 17 ] ]
P3_LOCAL_DECOMPOSITION_SUPPORTS=[ [ 8 ], [ 9 ], [ 18 ], [ 17 ] ]
P3_LOCAL_DECOMPOSITION_COEFFICIENTS=[ [ 1 ], [ 1 ], [ 1 ], [ 1 ] ]
P3_LOCAL_BLOCK_TWO_BRAUER_ROWS=[ 8, 9, 17, 18 ]
P3_INDUCED_CENTRAL_CHARACTER_LOCAL_TABLE=(3^2:2xG2(3)).2
P3_INDUCED_CENTRAL_CHARACTER_AMBIENT_TABLE=F3+
P3_INDUCED_CENTRAL_CHARACTER_AMBIENT_DEFECTS=[ 16, 2, 0 ]
P3_INDUCED_CENTRAL_CHARACTER_LOCAL_BLOCK=2 rows=[ 23, 24, 51, 52, 65, 76 ]
P3_INDUCED_CENTRAL_CHARACTER_POSSIBLE_FUSIONS=32
P3_STORED_FUSION_CANDIDATE_POSITION=1
P3_INDUCED_CENTRAL_CHARACTER_ASSIGNMENT_PATTERNS=[ [ 2, 2, 2, 2, 2, 2 ] ]
OUTER_FUSIONS pair=3.F3+ -> 3.F3+.2 possible=128 distinct_actions=1
BLOCK_DATA label=P5 p=5 carrier=3.F3+ blocks=94 defects=[ [ 0, 78 ], [ 1, 9 ], [ 2, 7 ] ]
BLOCK label=P5 p=5 id=1 defect=2 outer=1 l=16 fixed=16 free2=0 centre=[ 1, 1, 1 ]
BLOCK label=P5 p=5 id=2 defect=2 outer=2 l=14 fixed=6 free2=4 centre=[ 1, 1, 1 ]
BLOCK label=P5 p=5 id=3 defect=2 outer=3 l=16 fixed=16 free2=0 centre=[ 1, 1, 1 ]
BLOCK label=P5 p=5 id=45 defect=2 outer=46 l=16 fixed=NA_SWAPPED free2=NA_SWAPPED centre=[ 1, E(3), E(3)^2 ]
BLOCK label=P5 p=5 id=46 defect=2 outer=45 l=16 fixed=NA_SWAPPED free2=NA_SWAPPED centre=[ 1, E(3)^2, E(3) ]
BLOCK label=P5 p=5 id=47 defect=2 outer=48 l=14 fixed=NA_SWAPPED free2=NA_SWAPPED centre=[ 1, E(3), E(3)^2 ]
BLOCK label=P5 p=5 id=48 defect=2 outer=47 l=14 fixed=NA_SWAPPED free2=NA_SWAPPED centre=[ 1, E(3)^2, E(3) ]
OUTER_FUSIONS pair=3.F3+ -> 3.F3+.2 possible=128 distinct_actions=1
BLOCK_DATA label=P7 p=7 carrier=3.F3+ blocks=118 defects=[ [ 0, 107 ], [ 1, 8 ], [ 3, 3 ] ]
BLOCK label=P7 p=7 id=1 defect=3 outer=1 l=22 fixed=12 free2=5 centre=[ 1, 1, 1 ]
BLOCK label=P7 p=7 id=55 defect=3 outer=56 l=22 fixed=NA_SWAPPED free2=NA_SWAPPED centre=[ 1, E(3), E(3)^2 ]
BLOCK label=P7 p=7 id=56 defect=3 outer=55 l=22 fixed=NA_SWAPPED free2=NA_SWAPPED centre=[ 1, E(3)^2, E(3) ]
KLEIN_FOUR_FUSIONS first=2 second=4 distributions=[ [ 3, 1 ] ],[ [ 2, 3 ], [ 3, 1 ] ]
BLOCK_DATA p=5 blocks=94 defects=[ [ 0, 78 ], [ 1, 9 ], [ 2, 7 ] ] noncyclic=[ 1, 2, 3, 45, 46, 47, 48 ]
BLOCK_DATA p=7 blocks=118 defects=[ [ 0, 107 ], [ 1, 8 ], [ 3, 3 ] ] noncyclic=[ 1, 55, 56 ]
BLOCK_DATA p=11 blocks=178 defects=[ [ 0, 169 ], [ 1, 9 ] ] noncyclic=[  ]
BLOCK_DATA p=13 blocks=170 defects=[ [ 0, 162 ], [ 1, 8 ] ] noncyclic=[  ]
BLOCK_DATA p=17 blocks=208 defects=[ [ 0, 205 ], [ 1, 3 ] ] noncyclic=[  ]
BLOCK_DATA p=23 blocks=220 defects=[ [ 0, 217 ], [ 1, 3 ] ] noncyclic=[  ]
BLOCK_DATA p=29 blocks=211 defects=[ [ 0, 208 ], [ 1, 3 ] ] noncyclic=[  ]
The Fi'24 block and automorphism calculations have the stated values.
