GAP_VERSION=4.16.0
CTBLLIB_VERSION=1.3.11
U_ID=3.O7(3)
U_ORDER=13756055040
U_BLOCK_COUNT=9
U_BLOCK_1_DEFECT=9;IBR=[ 1, 2, 3, 4, 5, 6, 7, 8, 9, 10, 11, 12 ];ORD=
[ 1, 2, 3, 4, 5, 6, 7, 8, 9, 10, 11, 12, 13, 14, 15, 16, 17, 18, 19, 20, 21, 
  22, 23, 24, 25, 26, 27, 28, 29, 30, 31, 32, 33, 34, 35, 38, 39, 40, 41, 42, 
  43, 44, 45, 46, 48, 49, 56, 57, 58 ];BRAUER_TREE_STORED=false
U_BLOCK_1_DECOMPOSITION_SUBMATRIX=[ [ 1, 0, 0, 0, 0, 0, 0, 0, 0, 0, 0, 0 ], 
  [ 0, 1, 0, 0, 0, 0, 0, 0, 0, 0, 0, 0 ], 
  [ 1, 0, 1, 0, 0, 0, 0, 0, 0, 0, 0, 0 ], 
  [ 1, 0, 0, 1, 0, 0, 0, 0, 0, 0, 0, 0 ], 
  [ 0, 1, 1, 0, 0, 0, 0, 0, 0, 0, 0, 0 ], 
  [ 0, 1, 0, 1, 0, 0, 0, 0, 0, 0, 0, 0 ], 
  [ 1, 0, 1, 1, 0, 0, 0, 0, 0, 0, 0, 0 ], 
  [ 0, 0, 0, 0, 1, 0, 0, 0, 0, 0, 0, 0 ], 
  [ 0, 0, 0, 0, 0, 1, 0, 0, 0, 0, 0, 0 ], 
  [ 1, 1, 1, 1, 0, 0, 0, 0, 0, 0, 0, 0 ], 
  [ 0, 1, 0, 0, 0, 0, 1, 0, 0, 0, 0, 0 ], 
  [ 1, 0, 1, 2, 1, 1, 0, 0, 0, 0, 0, 0 ], 
  [ 0, 1, 0, 1, 1, 0, 1, 0, 0, 0, 0, 0 ], 
  [ 0, 1, 0, 1, 0, 1, 1, 0, 0, 0, 0, 0 ], 
  [ 0, 0, 0, 0, 0, 0, 0, 1, 0, 0, 0, 0 ], 
  [ 1, 1, 1, 2, 1, 1, 1, 0, 0, 0, 0, 0 ], 
  [ 1, 1, 1, 0, 0, 0, 0, 0, 1, 0, 0, 0 ], 
  [ 0, 0, 0, 0, 0, 0, 1, 1, 0, 0, 0, 0 ], 
  [ 0, 0, 0, 0, 0, 0, 1, 1, 0, 0, 0, 0 ], 
  [ 0, 1, 0, 0, 0, 0, 1, 1, 0, 0, 0, 0 ], 
  [ 0, 2, 0, 0, 0, 0, 1, 0, 1, 0, 0, 0 ], 
  [ 0, 1, 0, 0, 0, 0, 2, 1, 0, 0, 0, 0 ], 
  [ 2, 1, 2, 2, 1, 1, 0, 0, 1, 0, 0, 0 ], 
  [ 1, 1, 1, 1, 1, 1, 1, 0, 1, 0, 0, 0 ], 
  [ 0, 1, 0, 1, 1, 1, 2, 1, 0, 0, 0, 0 ], 
  [ 0, 1, 0, 1, 0, 0, 0, 0, 0, 1, 0, 0 ], 
  [ 1, 1, 0, 0, 0, 0, 1, 1, 1, 0, 0, 0 ], 
  [ 1, 2, 1, 3, 1, 1, 1, 0, 0, 1, 0, 0 ], 
  [ 1, 2, 1, 1, 1, 1, 2, 1, 1, 0, 0, 0 ], 
  [ 0, 2, 0, 2, 1, 1, 2, 0, 0, 1, 0, 0 ], 
  [ 0, 3, 1, 2, 1, 1, 2, 0, 0, 1, 0, 0 ], 
  [ 1, 3, 1, 2, 1, 1, 1, 0, 1, 1, 0, 0 ], 
  [ 0, 2, 0, 0, 0, 0, 1, 1, 1, 1, 0, 0 ], 
  [ 0, 2, 0, 2, 1, 1, 2, 1, 0, 1, 0, 0 ], 
  [ 0, 2, 0, 0, 1, 1, 3, 2, 1, 0, 0, 0 ], 
  [ 2, 3, 2, 4, 2, 2, 2, 0, 1, 1, 0, 0 ], 
  [ 0, 0, 0, 0, 1, 0, 2, 1, 0, 0, 1, 0 ], 
  [ 0, 0, 0, 0, 0, 1, 2, 1, 0, 0, 0, 1 ], 
  [ 0, 4, 0, 0, 0, 0, 2, 1, 2, 1, 0, 0 ], 
  [ 0, 0, 0, 0, 1, 1, 2, 1, 0, 0, 1, 0 ], 
  [ 0, 0, 0, 0, 1, 1, 2, 1, 0, 0, 0, 1 ], 
  [ 1, 4, 1, 2, 1, 1, 3, 1, 1, 1, 0, 0 ], 
  [ 0, 1, 0, 1, 1, 0, 1, 0, 0, 1, 1, 0 ], 
  [ 0, 1, 0, 1, 0, 1, 1, 0, 0, 1, 0, 1 ], 
  [ 0, 1, 0, 1, 1, 1, 2, 1, 0, 1, 1, 1 ], 
  [ 0, 2, 0, 0, 1, 1, 3, 1, 1, 1, 1, 1 ], 
  [ 1, 3, 0, 1, 1, 1, 5, 3, 1, 1, 1, 1 ], 
  [ 0, 4, 0, 0, 2, 2, 6, 3, 2, 1, 1, 1 ], 
  [ 1, 5, 1, 3, 2, 2, 5, 2, 1, 2, 1, 1 ] ]
U_BLOCK_2_DEFECT=3;IBR=[ 13, 14 ];ORD=[ 36, 37, 47, 52, 53 
 ];BRAUER_TREE_STORED=true
U_BLOCK_2_DECOMPOSITION_SUBMATRIX=[ [ 1, 0 ], [ 1, 0 ], [ 0, 1 ], [ 1, 1 ], 
  [ 1, 1 ] ]
U_BLOCK_3_DEFECT=1;IBR=[ 15 ];ORD=[ 50, 51 ];BRAUER_TREE_STORED=true
U_BLOCK_3_DECOMPOSITION_SUBMATRIX=[ [ 1 ], [ 1 ] ]
U_BLOCK_4_DEFECT=0;IBR=[ 16 ];ORD=[ 54 ];BRAUER_TREE_STORED=false
U_BLOCK_4_DECOMPOSITION_SUBMATRIX=[ [ 1 ] ]
U_BLOCK_5_DEFECT=0;IBR=[ 17 ];ORD=[ 55 ];BRAUER_TREE_STORED=false
U_BLOCK_5_DECOMPOSITION_SUBMATRIX=[ [ 1 ] ]
U_BLOCK_6_DEFECT=9;IBR=[ 18, 20, 24, 26, 28, 30 ];ORD=
[ 59, 61, 63, 65, 71, 73, 75, 77, 79, 81, 83, 85, 87, 89, 91, 93, 95, 97, 99, 
  101, 103, 105, 107, 109, 111, 113, 115, 117, 119 ];BRAUER_TREE_STORED=false
U_BLOCK_6_DECOMPOSITION_SUBMATRIX=
[ [ 1, 0, 0, 0, 0, 0 ], [ 1, 1, 0, 0, 0, 0 ], [ 1, 1, 0, 0, 0, 0 ], 
  [ 2, 1, 0, 0, 0, 0 ], [ 1, 0, 0, 0, 0, 1 ], [ 1, 1, 1, 0, 0, 0 ], 
  [ 1, 1, 1, 0, 0, 0 ], [ 2, 1, 0, 0, 0, 1 ], [ 2, 1, 0, 0, 0, 1 ], 
  [ 2, 1, 1, 0, 0, 1 ], [ 2, 1, 1, 0, 0, 1 ], [ 3, 2, 1, 0, 0, 1 ], 
  [ 2, 0, 0, 1, 1, 1 ], [ 3, 1, 0, 1, 1, 1 ], [ 3, 1, 0, 1, 1, 1 ], 
  [ 4, 2, 1, 0, 1, 1 ], [ 4, 2, 1, 1, 0, 1 ], [ 3, 1, 1, 1, 1, 1 ], 
  [ 4, 2, 1, 1, 1, 1 ], [ 5, 2, 1, 1, 1, 2 ], [ 5, 2, 1, 1, 1, 2 ], 
  [ 5, 2, 1, 1, 1, 2 ], [ 5, 2, 1, 1, 1, 2 ], [ 5, 2, 1, 1, 1, 2 ], 
  [ 6, 3, 2, 1, 1, 2 ], [ 6, 2, 1, 2, 2, 2 ], [ 8, 3, 1, 2, 2, 3 ], 
  [ 8, 3, 1, 2, 2, 3 ], [ 9, 3, 1, 2, 2, 3 ] ]
U_BLOCK_7_DEFECT=9;IBR=[ 19, 21, 25, 27, 29, 31 ];ORD=
[ 60, 62, 64, 66, 72, 74, 76, 78, 80, 82, 84, 86, 88, 90, 92, 94, 96, 98, 
  100, 102, 104, 106, 108, 110, 112, 114, 116, 118, 120 
 ];BRAUER_TREE_STORED=false
U_BLOCK_7_DECOMPOSITION_SUBMATRIX=
[ [ 1, 0, 0, 0, 0, 0 ], [ 1, 1, 0, 0, 0, 0 ], [ 1, 1, 0, 0, 0, 0 ], 
  [ 2, 1, 0, 0, 0, 0 ], [ 1, 0, 0, 0, 0, 1 ], [ 1, 1, 1, 0, 0, 0 ], 
  [ 1, 1, 1, 0, 0, 0 ], [ 2, 1, 0, 0, 0, 1 ], [ 2, 1, 0, 0, 0, 1 ], 
  [ 2, 1, 1, 0, 0, 1 ], [ 2, 1, 1, 0, 0, 1 ], [ 3, 2, 1, 0, 0, 1 ], 
  [ 2, 0, 0, 1, 1, 1 ], [ 3, 1, 0, 1, 1, 1 ], [ 3, 1, 0, 1, 1, 1 ], 
  [ 4, 2, 1, 0, 1, 1 ], [ 4, 2, 1, 1, 0, 1 ], [ 3, 1, 1, 1, 1, 1 ], 
  [ 4, 2, 1, 1, 1, 1 ], [ 5, 2, 1, 1, 1, 2 ], [ 5, 2, 1, 1, 1, 2 ], 
  [ 5, 2, 1, 1, 1, 2 ], [ 5, 2, 1, 1, 1, 2 ], [ 5, 2, 1, 1, 1, 2 ], 
  [ 6, 3, 2, 1, 1, 2 ], [ 6, 2, 1, 2, 2, 2 ], [ 8, 3, 1, 2, 2, 3 ], 
  [ 8, 3, 1, 2, 2, 3 ], [ 9, 3, 1, 2, 2, 3 ] ]
U_BLOCK_8_DEFECT=3;IBR=[ 22, 32 ];ORD=[ 67, 69, 121, 123, 125 
 ];BRAUER_TREE_STORED=false
U_BLOCK_8_DECOMPOSITION_SUBMATRIX=[ [ 1, 0 ], [ 1, 0 ], [ 1, 1 ], [ 1, 1 ], 
  [ 2, 1 ] ]
U_BLOCK_9_DEFECT=3;IBR=[ 23, 33 ];ORD=[ 68, 70, 122, 124, 126 
 ];BRAUER_TREE_STORED=false
U_BLOCK_9_DECOMPOSITION_SUBMATRIX=[ [ 1, 0 ], [ 1, 0 ], [ 1, 1 ], [ 1, 1 ], 
  [ 2, 1 ] ]
U_CENTRE_CLASS_POSITIONS=[ 1, 2, 3 ]
U_BLOCK_1_CENTRAL_RATIOS=[ 1, 1, 1 ]
U_BLOCK_2_CENTRAL_RATIOS=[ 1, 1, 1 ]
U_BLOCK_3_CENTRAL_RATIOS=[ 1, 1, 1 ]
U_BLOCK_4_CENTRAL_RATIOS=[ 1, 1, 1 ]
U_BLOCK_5_CENTRAL_RATIOS=[ 1, 1, 1 ]
U_BLOCK_6_CENTRAL_RATIOS=[ 1, E(3), E(3)^2 ]
U_BLOCK_7_CENTRAL_RATIOS=[ 1, E(3)^2, E(3) ]
U_BLOCK_8_CENTRAL_RATIOS=[ 1, E(3), E(3)^2 ]
U_BLOCK_9_CENTRAL_RATIOS=[ 1, E(3)^2, E(3) ]
U_BRAUER_OUTER_ACTION_LIST_RAW=[ 1, 2, 3, 4, 6, 5, 7, 8, 9, 10, 12, 11, 13, 
  14, 15, 16, 17, 19, 18, 21, 20, 23, 22, 25, 24, 27, 26, 29, 28, 31, 30, 33, 
  32 ]
U_TABLE_AUTOMORPHISM_GROUP_ORDER=8
U_FUSION_FORCED_OUTER_CLASS_ACTION=(  2,  3)(  5,  6)(  8,  9)( 11, 12)
( 15, 16)( 18, 19)( 23, 24)( 26, 27)( 29, 30)( 32, 33)( 35, 36)( 38, 39)
( 41, 42)( 45, 46)( 49, 50)( 53, 54)( 56, 57)( 60, 61)( 62, 63)( 66, 67)
( 69, 70)( 72, 73)( 75, 76)( 78, 79)( 81, 82)( 84, 85)( 89, 90)( 92, 93)
( 95, 96)( 97, 98)(100,101)(103,104)(106,107)(109,110)(112,113)(114,117)
(115,119)(116,118)(122,123)(125,126)
U_BRAUER_OUTER_ACTION=( 5, 6)(11,12)(18,19)(20,21)(22,23)(24,25)(26,27)(28,29)
(30,31)(32,33)
U_BLOCK_OUTER_ACTION=(6,7)(8,9)
U_BLOCK_OUTER_ACTION_LIST=[ 1, 2, 3, 4, 5, 7, 6, 9, 8 ]
A_ID=3.O7(3).2
A_BLOCK_COUNT=7
A_BLOCK_1_DEFECT=10;IBR=[ 1, 2, 3, 4, 5, 6, 7, 8, 9, 10 ];ORD=
[ 1, 2, 3, 4, 5, 6, 7, 8, 9, 10, 11, 12, 13, 14, 15, 16, 17, 18, 19, 20, 21, 
  22, 23, 24, 25, 26, 27, 28, 29, 30, 31, 32, 33, 34, 35, 36, 37, 38, 39, 40, 
  41, 42, 43, 44, 45, 46, 47, 48, 49, 50, 51, 52, 53, 54, 55, 56, 57, 58, 59, 
  60, 61, 66, 67, 68, 69, 70, 71, 72, 73, 74, 77, 78, 79, 80, 93, 94, 95, 96, 
  97, 98 ]
A_BLOCK_2_DEFECT=4;IBR=[ 11, 12 ];ORD=[ 62, 63, 64, 65, 75, 76, 85, 86, 87, 
  88 ]
A_BLOCK_3_DEFECT=2;IBR=[ 13 ];ORD=[ 81, 82, 83, 84 ]
A_BLOCK_4_DEFECT=1;IBR=[ 14 ];ORD=[ 89, 90 ]
A_BLOCK_5_DEFECT=1;IBR=[ 15 ];ORD=[ 91, 92 ]
A_BLOCK_6_DEFECT=9;IBR=[ 16, 17, 19, 20, 21, 22 ];ORD=
[ 99, 100, 101, 102, 105, 106, 107, 108, 109, 110, 111, 112, 113, 114, 115, 
  116, 117, 118, 119, 120, 121, 122, 123, 124, 125, 126, 127, 128, 129 ]
A_BLOCK_7_DEFECT=3;IBR=[ 18, 23 ];ORD=[ 103, 104, 130, 131, 132 ]
The nine blocks and their outer action have the stated form.
