GAP_VERSION=4.16.0
CTBLLIB_VERSION=1.3.11
X_ID=3.O7(3)
X_ORDER=13756055040
B2_DEFECT_EXPONENT=3
B2_DEFECT_ORDER=8
B2_K=5
B2_L=2
B2_ORDINARY_LABELS=[ 36, 37, 47, 52, 53 ]
B2_IBR_LABELS=[ 13, 14 ]
B2_ORDINARY_DEGREES=[ 5824, 5824, 11648, 17472, 17472 ]
B2_HEIGHTS=[ 0, 0, 1, 0, 0 ]
B2_DECOMPOSITION=[ [ 1, 0 ], [ 1, 0 ], [ 0, 1 ], [ 1, 1 ], [ 1, 1 ] ]
B2_CARTAN=[ [ 4, 2 ], [ 2, 3 ] ]
B2_CENTRAL_RATIOS=[ 1, 1, 1 ]
OUTER_BRAUER_ACTION=( 5, 6)(11,12)(18,19)(20,21)(22,23)(24,25)(26,27)(28,29)
(30,31)(32,33)
OUTER_BLOCK_ACTION=(6,7)(8,9)
B2_OUTER_IBR_IMAGE=[ 13, 14 ]
Block B2 has the stated decomposition data and outer action.
