H_B0_RESTRICTION_H1=[ 1 ]
H_B0_RESTRICTION_H2=[ 2 ]
H_B0_RESTRICTION_H3=[ 3 ]
H_B0_RESTRICTION_H4=[ 4 ]
H_B0_RESTRICTION_H5=[ 5, 6 ]
H_B0_RESTRICTION_H6=[ 7 ]
H_B0_RESTRICTION_H7=[ 8 ]
H_B0_RESTRICTION_H8=[ 9 ]
H_B0_RESTRICTION_H9=[ 10 ]
H_B0_RESTRICTION_H10=[ 11, 12 ]
GAP_VERSION=4.16.0
CTBLLIB_VERSION=1.3.11
S_TABLE=O7(3)
H_TABLE=O7(3).2
S_ORDER=4585351680
H_ORDER=9170703360
H_OVER_S=2
TABLE_FUSION_LENGTH=17
S_B0_BRAUER_COUNT=12
H_B0_BRAUER_COUNT=10
TABLE_DECOMPOSITION_FIXED_SINGLETONS=8
TABLE_DECOMPOSITION_TWO_CONSTITUENT_ROWS=2
The principal Brauer characters restrict as eight singletons and two pairs.
