GAP_VERSION=4.16.0
ATLASREP_VERSION=2.1.11
CTBLLIB_VERSION=1.3.11
X_SIZE=13756055040
X_DEGREE=1134
CENTRE_SIZE=3
SYLOW2_SIZE=512
SYLOW2_STRUCTURE=((C2 x (((C8 : C2) : C2) : C2)) : C2) : C2
P_SUBGROUP_CLASS_COUNT=3021
P_SUBGROUP_ORDER_DISTRIBUTION=[ [ 1, 1 ], [ 2, 28 ], [ 4, 230 ], [ 8, 720 ], 
  [ 16, 999 ], [ 32, 673 ], [ 64, 279 ], [ 128, 75 ], [ 256, 15 ], [ 512, 1 ] 
 ]
P_RADICAL|pclass=1|qsize=1|nsize=13756055040
P_RADICAL|pclass=3|qsize=2|nsize=39191040
P_RADICAL|pclass=16|qsize=2|nsize=39191040
P_RADICAL|pclass=29|qsize=2|nsize=39191040
P_RADICAL|pclass=36|qsize=4|nsize=51840
P_RADICAL|pclass=47|qsize=4|nsize=622080
P_RADICAL|pclass=94|qsize=4|nsize=51840
P_RADICAL|pclass=98|qsize=4|nsize=51840
PROGRESS=100/3021
P_RADICAL|pclass=110|qsize=4|nsize=622080
P_RADICAL|pclass=116|qsize=4|nsize=51840
P_RADICAL|pclass=132|qsize=4|nsize=622080
P_RADICAL|pclass=190|qsize=4|nsize=622080
P_RADICAL|pclass=192|qsize=4|nsize=622080
PROGRESS=200/3021
P_RADICAL|pclass=211|qsize=4|nsize=622080
P_RADICAL|pclass=242|qsize=4|nsize=51840
PROGRESS=300/3021
P_RADICAL|pclass=337|qsize=8|nsize=17280
PROGRESS=400/3021
PROGRESS=500/3021
PROGRESS=600/3021
PROGRESS=700/3021
P_RADICAL|pclass=720|qsize=8|nsize=17280
P_RADICAL|pclass=787|qsize=8|nsize=17280
PROGRESS=800/3021
PROGRESS=900/3021
P_RADICAL|pclass=960|qsize=8|nsize=17280
PROGRESS=1000/3021
PROGRESS=1100/3021
PROGRESS=1200/3021
PROGRESS=1300/3021
PROGRESS=1400/3021
PROGRESS=1500/3021
PROGRESS=1600/3021
PROGRESS=1700/3021
PROGRESS=1800/3021
PROGRESS=1900/3021
PROGRESS=2000/3021
PROGRESS=2100/3021
P_RADICAL|pclass=2101|qsize=32|nsize=69120
PROGRESS=2200/3021
PROGRESS=2300/3021
PROGRESS=2400/3021
PROGRESS=2500/3021
PROGRESS=2600/3021
P_RADICAL|pclass=2676|qsize=64|nsize=483840
PROGRESS=2700/3021
PROGRESS=2800/3021
PROGRESS=2900/3021
P_RADICAL|pclass=2946|qsize=128|nsize=41472
PROGRESS=3000/3021
P_RADICAL|pclass=3007|qsize=256|nsize=4608
P_RADICAL|pclass=3017|qsize=256|nsize=4608
P_RADICAL|pclass=3019|qsize=256|nsize=13824
P_RADICAL|pclass=3021|qsize=512|nsize=1536
P_RADICAL_COUNT=26
G_FUSION|pclass=16|representative=3
G_FUSION|pclass=29|representative=3
G_FUSION|pclass=94|representative=36
G_FUSION|pclass=98|representative=36
G_FUSION|pclass=110|representative=47
G_FUSION|pclass=116|representative=36
G_FUSION|pclass=132|representative=47
G_FUSION|pclass=190|representative=47
G_FUSION|pclass=192|representative=47
G_FUSION|pclass=211|representative=47
G_FUSION|pclass=242|representative=36
G_FUSION|pclass=720|representative=337
G_FUSION|pclass=787|representative=337
G_FUSION|pclass=960|representative=337
G_RADICAL_CLASS_COUNT=12
G_RADICAL|pclass=1|qsize=1|qstructure=1|nsize=13756055040|wsize=
13756055040|wstructure=3.O7(3)|dz_z1=[ 54, 55 ]|dz_omega=[  ]|dz_omega2=[  ]
G_RADICAL|pclass=3|qsize=2|qstructure=C2|nsize=39191040|wsize=
19595520|wstructure=(C3 . PSU(4,3)) : C2|dz_z1=[ 92 ]|dz_omega=[  ]|dz_omega2=
[  ]
G_RADICAL|pclass=36|qsize=4|qstructure=C2 x C2|nsize=51840|wsize=
12960|wstructure=C3 x S3 x S6|dz_z1=[ 97 ]|dz_omega=[ 98 ]|dz_omega2=[ 99 ]
G_RADICAL|pclass=47|qsize=4|qstructure=C2 x C2|nsize=622080|wsize=
155520|wstructure=C3 x (O(5,3) : C2)|dz_z1=[  ]|dz_omega=[  ]|dz_omega2=[  ]
G_RADICAL|pclass=337|qsize=8|qstructure=D8|nsize=17280|wsize=
2160|wstructure=C3 x S6|dz_z1=[ 31 ]|dz_omega=[ 33 ]|dz_omega2=[ 32 ]
G_RADICAL|pclass=2101|qsize=32|qstructure=C2 x C2 x C2 x C2 x C2|nsize=
69120|wsize=2160|wstructure=C3 x S6|dz_z1=[ 31 ]|dz_omega=[ 32 ]|dz_omega2=
[ 33 ]
G_RADICAL|pclass=2676|qsize=64|qstructure=C2 x C2 x C2 x C2 x C2 x C2|nsize=
483840|wsize=7560|wstructure=C3 . A7|dz_z1=[  ]|dz_omega=[ 19, 20 ]|dz_omega2=
[ 21, 22 ]
G_RADICAL|pclass=2946|qsize=
128|qstructure=C2 x C2 x ((C2 x C2 x C2) : (C2 x C2))|nsize=41472|wsize=
324|wstructure=(((C3 x C3) : C3) : C2) x S3|dz_z1=[ 13, 16, 17, 18 ]|dz_omega=
[  ]|dz_omega2=[  ]
G_RADICAL|pclass=3007|qsize=
256|qstructure=((C2 x ((C2 x C2 x C2 x C2) : C2)) : C2) : C2|nsize=4608|wsize=
18|wstructure=C3 x S3|dz_z1=[ 7 ]|dz_omega=[ 9 ]|dz_omega2=[ 8 ]
G_RADICAL|pclass=3017|qsize=
256|qstructure=(C2 x (((C2 x C2 x C2 x C2) : C2) : C2)) : C2|nsize=4608|wsize=
18|wstructure=C3 x S3|dz_z1=[ 7 ]|dz_omega=[ 8 ]|dz_omega2=[ 9 ]
G_RADICAL|pclass=3019|qsize=
256|qstructure=C2 x C2 x (((C2 x C2 x C2 x C2) : C2) : C2)|nsize=13824|wsize=
54|wstructure=((C3 x C3) : C3) : C2|dz_z1=[ 3, 4, 5, 6 ]|dz_omega=
[  ]|dz_omega2=[  ]
G_RADICAL|pclass=3021|qsize=
512|qstructure=((C2 x (((C8 : C2) : C2) : C2)) : C2) : C2|nsize=1536|wsize=
3|wstructure=C3|dz_z1=[ 1 ]|dz_omega=[ 3 ]|dz_omega2=[ 2 ]
ORDER_CONTRIBUTIONS_[QSIZE,Z1,OMEGA,OMEGA2]=
[ [ 512, 1, 1, 1 ], [ 256, 6, 2, 2 ], [ 128, 4, 0, 0 ], [ 64, 0, 2, 2 ], 
  [ 32, 1, 1, 1 ], [ 8, 1, 1, 1 ], [ 4, 1, 1, 1 ], [ 2, 1, 0, 0 ], 
  [ 1, 2, 0, 0 ] ]
TOTAL_WEIGHT_COUNTS_[Z1,OMEGA,OMEGA2]=[ 17, 8, 8 ]
The central-character weight totals are [17,8,8].
