GAP_VERSION=4.16.0
ATLASREP_VERSION=2.1.11
H_ORDER=9170703360
S_ORDER=4585351680
H_OVER_S=2
H_CENTRE_ORDER=1
S_SYL2_ORDER=512
P_CENTRIC_ORDER128_COUNT=53
P_CENTRIC_ORDER128_S_RADICAL_COUNT=1
P_CENTRIC_ORDER128_H_RADICAL_COUNT=1
ORDER128_NH=27648
ORDER128_CH=8
ORDER128_ZQ=8
ORDER128_WEIGHT_QUOTIENT=216
ORDER128_WEIGHT_QUOTIENT_STRUCTURE=S3 x S3 x S3
ORDER128_DEFECT_ZERO_DEGREES=[ 8 ]
P_CENTRIC_ORDER256_COUNT=15
P_CENTRIC_ORDER256_S_RADICAL_COUNT=3
P_CENTRIC_ORDER256_H_RADICAL_COUNT=1
ORDER256_NH=9216
ORDER256_CH=8
ORDER256_ZQ=8
ORDER256_WEIGHT_QUOTIENT=36
ORDER256_WEIGHT_QUOTIENT_STRUCTURE=S3 x S3
ORDER256_DEFECT_ZERO_DEGREES=[ 4 ]
LOCAL_PRINCIPAL_H_WEIGHT_COUNT=2
The two relevant local principal weights have the stated quotients.
