This is pdfTeX, Version 3.141592653-2.6-1.40.26 (TeX Live 2024) (preloaded format=pdflatex 2024.8.31)  5 AUG 2026 09:01
entering extended mode
 restricted \write18 enabled.
 %&-line parsing enabled.
**2026-2.tex
(./2026-2.tex
LaTeX2e <2023-11-01> patch level 1
L3 programming layer <2024-02-20>
(d:/Program Files (x86)/texlive/2024/texmf-dist/tex/latex/base/article.cls
Document Class: article 2023/05/17 v1.4n Standard LaTeX document class
(d:/Program Files (x86)/texlive/2024/texmf-dist/tex/latex/base/size11.clo
File: size11.clo 2023/05/17 v1.4n Standard LaTeX file (size option)
)
\c@part=\count188
\c@section=\count189
\c@subsection=\count190
\c@subsubsection=\count191
\c@paragraph=\count192
\c@subparagraph=\count193
\c@figure=\count194
\c@table=\count195
\abovecaptionskip=\skip48
\belowcaptionskip=\skip49
\bibindent=\dimen140
)
(d:/Program Files (x86)/texlive/2024/texmf-dist/tex/latex/amsmath/amsmath.sty
Package: amsmath 2023/05/13 v2.17o AMS math features
\@mathmargin=\skip50

For additional information on amsmath, use the `?' option.
(d:/Program Files (x86)/texlive/2024/texmf-dist/tex/latex/amsmath/amstext.sty
Package: amstext 2021/08/26 v2.01 AMS text

(d:/Program Files (x86)/texlive/2024/texmf-dist/tex/latex/amsmath/amsgen.sty
File: amsgen.sty 1999/11/30 v2.0 generic functions
\@emptytoks=\toks17
\ex@=\dimen141
))
(d:/Program Files (x86)/texlive/2024/texmf-dist/tex/latex/amsmath/amsbsy.sty
Package: amsbsy 1999/11/29 v1.2d Bold Symbols
\pmbraise@=\dimen142
)
(d:/Program Files (x86)/texlive/2024/texmf-dist/tex/latex/amsmath/amsopn.sty
Package: amsopn 2022/04/08 v2.04 operator names
)
\inf@bad=\count196
LaTeX Info: Redefining \frac on input line 234.
\uproot@=\count197
\leftroot@=\count198
LaTeX Info: Redefining \overline on input line 399.
LaTeX Info: Redefining \colon on input line 410.
\classnum@=\count199
\DOTSCASE@=\count266
LaTeX Info: Redefining \ldots on input line 496.
LaTeX Info: Redefining \dots on input line 499.
LaTeX Info: Redefining \cdots on input line 620.
\Mathstrutbox@=\box51
\strutbox@=\box52
LaTeX Info: Redefining \big on input line 722.
LaTeX Info: Redefining \Big on input line 723.
LaTeX Info: Redefining \bigg on input line 724.
LaTeX Info: Redefining \Bigg on input line 725.
\big@size=\dimen143
LaTeX Font Info:    Redeclaring font encoding OML on input line 743.
LaTeX Font Info:    Redeclaring font encoding OMS on input line 744.
\macc@depth=\count267
LaTeX Info: Redefining \bmod on input line 905.
LaTeX Info: Redefining \pmod on input line 910.
LaTeX Info: Redefining \smash on input line 940.
LaTeX Info: Redefining \relbar on input line 970.
LaTeX Info: Redefining \Relbar on input line 971.
\c@MaxMatrixCols=\count268
\dotsspace@=\muskip16
\c@parentequation=\count269
\dspbrk@lvl=\count270
\tag@help=\toks18
\row@=\count271
\column@=\count272
\maxfields@=\count273
\andhelp@=\toks19
\eqnshift@=\dimen144
\alignsep@=\dimen145
\tagshift@=\dimen146
\tagwidth@=\dimen147
\totwidth@=\dimen148
\lineht@=\dimen149
\@envbody=\toks20
\multlinegap=\skip51
\multlinetaggap=\skip52
\mathdisplay@stack=\toks21
LaTeX Info: Redefining \[ on input line 2953.
LaTeX Info: Redefining \] on input line 2954.
)
(d:/Program Files (x86)/texlive/2024/texmf-dist/tex/latex/amsfonts/amssymb.sty
Package: amssymb 2013/01/14 v3.01 AMS font symbols

(d:/Program Files (x86)/texlive/2024/texmf-dist/tex/latex/amsfonts/amsfonts.sty
Package: amsfonts 2013/01/14 v3.01 Basic AMSFonts support
\symAMSa=\mathgroup4
\symAMSb=\mathgroup5
LaTeX Font Info:    Redeclaring math symbol \hbar on input line 98.
LaTeX Font Info:    Overwriting math alphabet `\mathfrak' in version `bold'
(Font)                  U/euf/m/n --> U/euf/b/n on input line 106.
)) (d:/Program Files (x86)/texlive/2024/texmf-dist/tex/latex/amscls/amsthm.sty
Package: amsthm 2020/05/29 v2.20.6
\thm@style=\toks22
\thm@bodyfont=\toks23
\thm@headfont=\toks24
\thm@notefont=\toks25
\thm@headpunct=\toks26
\thm@preskip=\skip53
\thm@postskip=\skip54
\thm@headsep=\skip55
\dth@everypar=\toks27
) (d:/Program Files (x86)/texlive/2024/texmf-dist/tex/latex/base/latexsym.sty
Package: latexsym 1998/08/17 v2.2e Standard LaTeX package (lasy symbols)
\symlasy=\mathgroup6
LaTeX Font Info:    Overwriting symbol font `lasy' in version `bold'
(Font)                  U/lasy/m/n --> U/lasy/b/n on input line 52.
)
(d:/Program Files (x86)/texlive/2024/texmf-dist/tex/latex/pstricks/pstricks.sty
Package: pstricks 2024/02/02 v0.75 LaTeX wrapper for `PSTricks' (RN,HV)
(d:/Program Files (x86)/texlive/2024/texmf-dist/tex/generic/iftex/iftex.sty
Package: iftex 2022/02/03 v1.0f TeX engine tests
)
(d:/Program Files (x86)/texlive/2024/texmf-dist/tex/latex/xcolor/xcolor.sty
Package: xcolor 2023/11/15 v3.01 LaTeX color extensions (UK)

(d:/Program Files (x86)/texlive/2024/texmf-dist/tex/latex/graphics-cfg/color.cf
g
File: color.cfg 2016/01/02 v1.6 sample color configuration
)
Package xcolor Info: Driver file: pdftex.def on input line 274.

(d:/Program Files (x86)/texlive/2024/texmf-dist/tex/latex/graphics-def/pdftex.d
ef
File: pdftex.def 2022/09/22 v1.2b Graphics/color driver for pdftex
)
(d:/Program Files (x86)/texlive/2024/texmf-dist/tex/latex/graphics/mathcolor.lt
x)
Package xcolor Info: Model `cmy' substituted by `cmy0' on input line 1350.
Package xcolor Info: Model `hsb' substituted by `rgb' on input line 1354.
Package xcolor Info: Model `RGB' extended on input line 1366.
Package xcolor Info: Model `HTML' substituted by `rgb' on input line 1368.
Package xcolor Info: Model `Hsb' substituted by `hsb' on input line 1369.
Package xcolor Info: Model `tHsb' substituted by `hsb' on input line 1370.
Package xcolor Info: Model `HSB' substituted by `hsb' on input line 1371.
Package xcolor Info: Model `Gray' substituted by `gray' on input line 1372.
Package xcolor Info: Model `wave' substituted by `hsb' on input line 1373.
)
(d:/Program Files (x86)/texlive/2024/texmf-dist/tex/generic/xkeyval/pst-xkey.te
x
File: pst-xkey.tex 2005/11/25 v1.6 PSTricks specialization of xkeyval (HA)
 (d:/Program Files (x86)/texlive/2024/texmf-dist/tex/latex/xkeyval/xkeyval.sty
Package: xkeyval 2022/06/16 v2.9 package option processing (HA)

(d:/Program Files (x86)/texlive/2024/texmf-dist/tex/generic/xkeyval/xkeyval.tex

(d:/Program Files (x86)/texlive/2024/texmf-dist/tex/generic/xkeyval/xkvutils.te
x
\XKV@toks=\toks28
\XKV@tempa@toks=\toks29

(d:/Program Files (x86)/texlive/2024/texmf-dist/tex/generic/xkeyval/keyval.tex)
)
\XKV@depth=\count274
File: xkeyval.tex 2014/12/03 v2.7a key=value parser (HA)
)))
(d:/Program Files (x86)/texlive/2024/texmf-dist/tex/generic/pstricks/pstricks.t
ex
(d:/Program Files (x86)/texlive/2024/texmf-dist/tex/generic/pstricks/pst-fp.tex
`pst-fp' v0.06, 2020/11/20 (hv)
\pstFP@xs=\count275
\pstFP@xia=\count276
\pstFP@xib=\count277
\pstFP@xfa=\count278
\pstFP@xfb=\count279
\pstFP@rega=\count280
\pstFP@regb=\count281
\pstFP@regs=\count282
\pstFP@times=\count283
)
(d:/Program Files (x86)/texlive/2024/texmf-dist/tex/latex/pgf/utilities/pgffor.
sty
(d:/Program Files (x86)/texlive/2024/texmf-dist/tex/latex/pgf/utilities/pgfrcs.
sty
(d:/Program Files (x86)/texlive/2024/texmf-dist/tex/generic/pgf/utilities/pgfut
il-common.tex
\pgfutil@everybye=\toks30
\pgfutil@tempdima=\dimen150
\pgfutil@tempdimb=\dimen151
)
(d:/Program Files (x86)/texlive/2024/texmf-dist/tex/generic/pgf/utilities/pgfut
il-latex.def
\pgfutil@abb=\box53
)
(d:/Program Files (x86)/texlive/2024/texmf-dist/tex/generic/pgf/utilities/pgfrc
s.code.tex
(d:/Program Files (x86)/texlive/2024/texmf-dist/tex/generic/pgf/pgf.revision.te
x)
Package: pgfrcs 2023-01-15 v3.1.10 (3.1.10)
))
(d:/Program Files (x86)/texlive/2024/texmf-dist/tex/latex/pgf/utilities/pgfkeys
.sty
(d:/Program Files (x86)/texlive/2024/texmf-dist/tex/generic/pgf/utilities/pgfke
ys.code.tex
\pgfkeys@pathtoks=\toks31
\pgfkeys@temptoks=\toks32

(d:/Program Files (x86)/texlive/2024/texmf-dist/tex/generic/pgf/utilities/pgfke
yslibraryfiltered.code.tex
\pgfkeys@tmptoks=\toks33
)))
(d:/Program Files (x86)/texlive/2024/texmf-dist/tex/latex/pgf/math/pgfmath.sty
(d:/Program Files (x86)/texlive/2024/texmf-dist/tex/generic/pgf/math/pgfmath.co
de.tex
(d:/Program Files (x86)/texlive/2024/texmf-dist/tex/generic/pgf/math/pgfmathuti
l.code.tex
\pgf@x=\dimen152
\pgf@xa=\dimen153
\pgf@xb=\dimen154
\pgf@xc=\dimen155
\pgf@y=\dimen156
\pgf@ya=\dimen157
\pgf@yb=\dimen158
\pgf@yc=\dimen159
\c@pgf@counta=\count284
\c@pgf@countb=\count285
\c@pgf@countc=\count286
\c@pgf@countd=\count287
)
(d:/Program Files (x86)/texlive/2024/texmf-dist/tex/generic/pgf/math/pgfmathpar
ser.code.tex
\pgfmath@dimen=\dimen160
\pgfmath@count=\count288
\pgfmath@box=\box54
\pgfmath@toks=\toks34
\pgfmath@stack@operand=\toks35
\pgfmath@stack@operation=\toks36
)
(d:/Program Files (x86)/texlive/2024/texmf-dist/tex/generic/pgf/math/pgfmathfun
ctions.code.tex)
(d:/Program Files (x86)/texlive/2024/texmf-dist/tex/generic/pgf/math/pgfmathfun
ctions.basic.code.tex)
(d:/Program Files (x86)/texlive/2024/texmf-dist/tex/generic/pgf/math/pgfmathfun
ctions.trigonometric.code.tex)
(d:/Program Files (x86)/texlive/2024/texmf-dist/tex/generic/pgf/math/pgfmathfun
ctions.random.code.tex)
(d:/Program Files (x86)/texlive/2024/texmf-dist/tex/generic/pgf/math/pgfmathfun
ctions.comparison.code.tex)
(d:/Program Files (x86)/texlive/2024/texmf-dist/tex/generic/pgf/math/pgfmathfun
ctions.base.code.tex)
(d:/Program Files (x86)/texlive/2024/texmf-dist/tex/generic/pgf/math/pgfmathfun
ctions.round.code.tex)
(d:/Program Files (x86)/texlive/2024/texmf-dist/tex/generic/pgf/math/pgfmathfun
ctions.misc.code.tex)
(d:/Program Files (x86)/texlive/2024/texmf-dist/tex/generic/pgf/math/pgfmathfun
ctions.integerarithmetics.code.tex)
(d:/Program Files (x86)/texlive/2024/texmf-dist/tex/generic/pgf/math/pgfmathcal
c.code.tex)
(d:/Program Files (x86)/texlive/2024/texmf-dist/tex/generic/pgf/math/pgfmathflo
at.code.tex
\c@pgfmathroundto@lastzeros=\count289
)))
(d:/Program Files (x86)/texlive/2024/texmf-dist/tex/generic/pgf/utilities/pgffo
r.code.tex
Package: pgffor 2023-01-15 v3.1.10 (3.1.10)
\pgffor@iter=\dimen161
\pgffor@skip=\dimen162
\pgffor@stack=\toks37
\pgffor@toks=\toks38
))
\psLoopIndex=\count290

`PSTricks' v3.19c  <2024/02/02> (tvz,hv)
\pst@dima=\dimen163
\pst@dimb=\dimen164
\pst@dimc=\dimen165
\pst@dimd=\dimen166
\pst@dimg=\dimen167
\pst@dimh=\dimen168
\pst@dimm=\dimen169
\pst@dimn=\dimen170
\pst@dimo=\dimen171
\pst@dimp=\dimen172
\pst@hbox=\box55
\pst@ibox=\box56
\pst@boxg=\box57
\pst@cnta=\count291
\pst@cntb=\count292
\pst@cntc=\count293
\pst@cntd=\count294
\pst@cntg=\count295
\pst@cnth=\count296
\pst@cntm=\count297
\pst@cntn=\count298
\pst@cnto=\count299
\pst@cntp=\count300
\@zero=\count301
\pst@toks=\toks39
--- We are running latex or xelatex ---

(d:/Program Files (x86)/texlive/2024/texmf-dist/tex/generic/pstricks/pstricks.c
on)
(d:/Program Files (x86)/texlive/2024/texmf-dist/tex/generic/pstricks/pstricks-c
olor.tex)
\psunit=\dimen173
\psxunit=\dimen174
\psyunit=\dimen175
\pst@C@@rType=\count302
\pslinewidth=\dimen176
\psk@startLW=\dimen177
\psk@endLW=\dimen178

(d:/Program Files (x86)/texlive/2024/texmf-dist/tex/generic/pstricks/pstricks-a
rrows.tex
\pshooklength=\dimen179
\pshookwidth=\dimen180
)
\pst@customdefs=\toks40

(d:/Program Files (x86)/texlive/2024/texmf-dist/tex/generic/pstricks/pstricks-d
ots.tex)
\pslinearc=\dimen181
\pst@symbolStep=\dimen182
\pst@symbolWidth=\dimen183
\pst@symbolLinewidth=\dimen184
\everypsbox=\toks41
\psframesep=\dimen185
\pslabelsep=\dimen186
\sh@wgridXunit=\dimen187
\sh@wgridYunit=\dimen188
\pst@shift=\dimen189
\ps@imagectr=\count303

(d:/Program Files (x86)/texlive/2024/texmf-dist/tex/generic/pstricks/pstricks.c
on))
File: pstricks.tex 2024/02/02 v3.19c `PSTricks' (tvz,hv)

(d:/Program Files (x86)/texlive/2024/texmf-dist/tex/generic/pstricks/pst-fp.tex
`pst-fp' v0.06, 2020/11/20 (hv))
File: pst-fp.tex 2020/11/20 v0.06 `PST-fp' (hv)
)
(d:/Program Files (x86)/texlive/2024/texmf-dist/tex/latex/amsmath/amscd.sty
Package: amscd 2017/04/14 v2.1 AMS Commutative Diagrams
\athelp@=\toks42
\minaw@=\dimen190
\bigaw@=\dimen191
\minCDarrowwidth=\dimen192
)
(d:/Program Files (x86)/texlive/2024/texmf-dist/tex/latex/jknapltx/mathrsfs.sty
Package: mathrsfs 1996/01/01 Math RSFS package v1.0 (jk)
\symrsfs=\mathgroup7
) (d:/Program Files (x86)/texlive/2024/texmf-dist/tex/latex/tipa/tipa.sty
Package: tipa 2002/08/08 TIPA version 1.1

(d:/Program Files (x86)/texlive/2024/texmf-dist/tex/latex/base/fontenc.sty
Package: fontenc 2021/04/29 v2.0v Standard LaTeX package

(d:/Program Files (x86)/texlive/2024/texmf-dist/tex/latex/tipa/t3enc.def
File: t3enc.def 2001/12/31 T3 encoding
Now handling font encoding T3 ...
... no UTF-8 mapping file for font encoding T3
)))
(d:/Program Files (x86)/texlive/2024/texmf-dist/tex/latex/txfonts/txfonts.sty
Package: txfonts 2008/01/22 v3.2.1
LaTeX Font Info:    Redeclaring symbol font `operators' on input line 21.
LaTeX Font Info:    Overwriting symbol font `operators' in version `normal'
(Font)                  OT1/cmr/m/n --> OT1/txr/m/n on input line 21.
LaTeX Font Info:    Overwriting symbol font `operators' in version `bold'
(Font)                  OT1/cmr/bx/n --> OT1/txr/m/n on input line 21.
LaTeX Font Info:    Overwriting symbol font `operators' in version `bold'
(Font)                  OT1/txr/m/n --> OT1/txr/bx/n on input line 22.
\symitalic=\mathgroup8
LaTeX Font Info:    Overwriting symbol font `italic' in version `bold'
(Font)                  OT1/txr/m/it --> OT1/txr/bx/it on input line 26.
LaTeX Font Info:    Redeclaring math alphabet \mathbf on input line 29.
LaTeX Font Info:    Overwriting math alphabet `\mathbf' in version `normal'
(Font)                  OT1/cmr/bx/n --> OT1/txr/bx/n on input line 29.
LaTeX Font Info:    Overwriting math alphabet `\mathbf' in version `bold'
(Font)                  OT1/cmr/bx/n --> OT1/txr/bx/n on input line 29.
LaTeX Font Info:    Redeclaring math alphabet \mathit on input line 30.
LaTeX Font Info:    Overwriting math alphabet `\mathit' in version `normal'
(Font)                  OT1/cmr/m/it --> OT1/txr/m/it on input line 30.
LaTeX Font Info:    Overwriting math alphabet `\mathit' in version `bold'
(Font)                  OT1/cmr/bx/it --> OT1/txr/m/it on input line 30.
LaTeX Font Info:    Overwriting math alphabet `\mathit' in version `bold'
(Font)                  OT1/txr/m/it --> OT1/txr/bx/it on input line 31.
LaTeX Font Info:    Redeclaring math alphabet \mathsf on input line 40.
LaTeX Font Info:    Overwriting math alphabet `\mathsf' in version `normal'
(Font)                  OT1/cmss/m/n --> OT1/txss/m/n on input line 40.
LaTeX Font Info:    Overwriting math alphabet `\mathsf' in version `bold'
(Font)                  OT1/cmss/bx/n --> OT1/txss/m/n on input line 40.
LaTeX Font Info:    Overwriting math alphabet `\mathsf' in version `bold'
(Font)                  OT1/txss/m/n --> OT1/txss/b/n on input line 41.
LaTeX Font Info:    Redeclaring math alphabet \mathtt on input line 50.
LaTeX Font Info:    Overwriting math alphabet `\mathtt' in version `normal'
(Font)                  OT1/cmtt/m/n --> OT1/txtt/m/n on input line 50.
LaTeX Font Info:    Overwriting math alphabet `\mathtt' in version `bold'
(Font)                  OT1/cmtt/m/n --> OT1/txtt/m/n on input line 50.
LaTeX Font Info:    Overwriting math alphabet `\mathtt' in version `bold'
(Font)                  OT1/txtt/m/n --> OT1/txtt/b/n on input line 51.
LaTeX Font Info:    Redeclaring symbol font `letters' on input line 58.
LaTeX Font Info:    Overwriting symbol font `letters' in version `normal'
(Font)                  OML/cmm/m/it --> OML/txmi/m/it on input line 58.
LaTeX Font Info:    Overwriting symbol font `letters' in version `bold'
(Font)                  OML/cmm/b/it --> OML/txmi/m/it on input line 58.
LaTeX Font Info:    Overwriting symbol font `letters' in version `bold'
(Font)                  OML/txmi/m/it --> OML/txmi/bx/it on input line 59.
\symlettersA=\mathgroup9
LaTeX Font Info:    Overwriting symbol font `lettersA' in version `bold'
(Font)                  U/txmia/m/it --> U/txmia/bx/it on input line 67.
LaTeX Font Info:    Redeclaring math alphabet \mathfrak on input line 70.
LaTeX Font Info:    Redeclaring symbol font `symbols' on input line 77.
LaTeX Font Info:    Overwriting symbol font `symbols' in version `normal'
(Font)                  OMS/cmsy/m/n --> OMS/txsy/m/n on input line 77.
LaTeX Font Info:    Overwriting symbol font `symbols' in version `bold'
(Font)                  OMS/cmsy/b/n --> OMS/txsy/m/n on input line 77.
LaTeX Font Info:    Overwriting symbol font `symbols' in version `bold'
(Font)                  OMS/txsy/m/n --> OMS/txsy/bx/n on input line 78.
LaTeX Font Info:    Redeclaring symbol font `AMSa' on input line 93.
LaTeX Font Info:    Overwriting symbol font `AMSa' in version `normal'
(Font)                  U/msa/m/n --> U/txsya/m/n on input line 93.
LaTeX Font Info:    Overwriting symbol font `AMSa' in version `bold'
(Font)                  U/msa/m/n --> U/txsya/m/n on input line 93.
LaTeX Font Info:    Overwriting symbol font `AMSa' in version `bold'
(Font)                  U/txsya/m/n --> U/txsya/bx/n on input line 94.
LaTeX Font Info:    Redeclaring symbol font `AMSb' on input line 102.
LaTeX Font Info:    Overwriting symbol font `AMSb' in version `normal'
(Font)                  U/msb/m/n --> U/txsyb/m/n on input line 102.
LaTeX Font Info:    Overwriting symbol font `AMSb' in version `bold'
(Font)                  U/msb/m/n --> U/txsyb/m/n on input line 102.
LaTeX Font Info:    Overwriting symbol font `AMSb' in version `bold'
(Font)                  U/txsyb/m/n --> U/txsyb/bx/n on input line 103.
\symsymbolsC=\mathgroup10
LaTeX Font Info:    Overwriting symbol font `symbolsC' in version `bold'
(Font)                  U/txsyc/m/n --> U/txsyc/bx/n on input line 113.
LaTeX Font Info:    Redeclaring symbol font `largesymbols' on input line 120.
LaTeX Font Info:    Overwriting symbol font `largesymbols' in version `normal'
(Font)                  OMX/cmex/m/n --> OMX/txex/m/n on input line 120.
LaTeX Font Info:    Overwriting symbol font `largesymbols' in version `bold'
(Font)                  OMX/cmex/m/n --> OMX/txex/m/n on input line 120.
LaTeX Font Info:    Overwriting symbol font `largesymbols' in version `bold'
(Font)                  OMX/txex/m/n --> OMX/txex/bx/n on input line 121.
\symlargesymbolsA=\mathgroup11
LaTeX Font Info:    Overwriting symbol font `largesymbolsA' in version `bold'
(Font)                  U/txexa/m/n --> U/txexa/bx/n on input line 129.
LaTeX Font Info:    Redeclaring math symbol \mathsterling on input line 164.
LaTeX Info: Redefining \not on input line 1043.
LaTeX Info: Redefining \textsquare on input line 1063.
LaTeX Info: Redefining \openbox on input line 1064.
)
(d:/Program Files (x86)/texlive/2024/texmf-dist/tex/latex/graphics/graphicx.sty
Package: graphicx 2021/09/16 v1.2d Enhanced LaTeX Graphics (DPC,SPQR)

(d:/Program Files (x86)/texlive/2024/texmf-dist/tex/latex/graphics/graphics.sty
Package: graphics 2022/03/10 v1.4e Standard LaTeX Graphics (DPC,SPQR)
(d:/Program Files (x86)/texlive/2024/texmf-dist/tex/latex/graphics/trig.sty
Package: trig 2021/08/11 v1.11 sin cos tan (DPC)
)
(d:/Program Files (x86)/texlive/2024/texmf-dist/tex/latex/graphics-cfg/graphics
.cfg
File: graphics.cfg 2016/06/04 v1.11 sample graphics configuration
)
Package graphics Info: Driver file: pdftex.def on input line 107.
)
\Gin@req@height=\dimen193
\Gin@req@width=\dimen194
)
(d:/Program Files (x86)/texlive/2024/texmf-dist/tex/latex/listings/listings.sty
\lst@mode=\count304
\lst@gtempboxa=\box58
\lst@token=\toks43
\lst@length=\count305
\lst@currlwidth=\dimen195
\lst@column=\count306
\lst@pos=\count307
\lst@lostspace=\dimen196
\lst@width=\dimen197
\lst@newlines=\count308
\lst@lineno=\count309
\lst@maxwidth=\dimen198

(d:/Program Files (x86)/texlive/2024/texmf-dist/tex/latex/listings/lstpatch.sty
File: lstpatch.sty 2024/02/21 1.10 (Carsten Heinz)
)
(d:/Program Files (x86)/texlive/2024/texmf-dist/tex/latex/listings/lstmisc.sty
File: lstmisc.sty 2024/02/21 1.10 (Carsten Heinz)
\c@lstnumber=\count310
\lst@skipnumbers=\count311
\lst@framebox=\box59
)
(d:/Program Files (x86)/texlive/2024/texmf-dist/tex/latex/listings/listings.cfg
File: listings.cfg 2024/02/21 1.10 listings configuration
))
Package: listings 2024/02/21 1.10 (Carsten Heinz)
 (d:/Program Files (x86)/texlive/2024/texmf-dist/tex/generic/xypic/xy.sty
(d:/Program Files (x86)/texlive/2024/texmf-dist/tex/generic/xypic/xy.tex
Bootstrap'ing: catcodes, docmode,
(d:/Program Files (x86)/texlive/2024/texmf-dist/tex/generic/xypic/xyrecat.tex)
(d:/Program Files (x86)/texlive/2024/texmf-dist/tex/generic/xypic/xyidioms.tex)

 Xy-pic version 3.8.9 <2013/10/06>
 Copyright (c) 1991-2013 by Kristoffer H. Rose <krisrose@tug.org> and others
 Xy-pic is free software: see the User's Guide for details.

Loading kernel: messages; fonts; allocations: state,
\X@c=\dimen199
\Y@c=\dimen256
\U@c=\dimen257
\D@c=\dimen258
\L@c=\dimen259
\R@c=\dimen260
\Edge@c=\toks44
\X@p=\dimen261
\Y@p=\dimen262
\U@p=\dimen263
\D@p=\dimen264
\L@p=\dimen265
\R@p=\dimen266
\Edge@p=\toks45
\X@origin=\dimen267
\Y@origin=\dimen268
\X@xbase=\dimen269
\Y@xbase=\dimen270
\X@ybase=\dimen271
\Y@ybase=\dimen272
\X@min=\dimen273
\Y@min=\dimen274
\X@max=\dimen275
\Y@max=\dimen276
\lastobjectbox@=\box60
\zerodotbox@=\box61
\almostz@=\dimen277
 direction,
\d@X=\dimen278
\d@Y=\dimen279
\K@=\count312
\KK@=\count313
\Direction=\count314
\K@dXdY=\dimen280
\K@dYdX=\dimen281
\xyread@=\read2
\xywrite@=\write3
\csp@=\count315
\quotPTK@=\dimen282

utility macros; pictures: \xy, positions,
\swaptoks@@=\toks46
\connectobjectbox@@=\box62
 objects,
\styletoks@=\toks47
 decorations;
kernel objects: directionals, circles, text; options; algorithms: directions,
edges, connections;  Xy-pic loaded)
(d:/Program Files (x86)/texlive/2024/texmf-dist/tex/generic/iftex/ifpdf.sty
Package: ifpdf 2019/10/25 v3.4 ifpdf legacy package. Use iftex instead.
)
Package: xy 2013/10/06 Xy-pic version 3.8.9

(d:/Program Files (x86)/texlive/2024/texmf-dist/tex/generic/xypic/xyall.tex
 Xy-pic option: All features v.3.8
(d:/Program Files (x86)/texlive/2024/texmf-dist/tex/generic/xypic/xycurve.tex
 Xy-pic option: Curve and Spline extension v.3.12 curve,
\crv@cnt@=\count316
\crvpts@=\toks48
\splinebox@=\box63
\splineval@=\dimen283
\splinedepth@=\dimen284
\splinetol@=\dimen285
\splinelength@=\dimen286
 circles,
\L@=\dimen287
 loaded)
(d:/Program Files (x86)/texlive/2024/texmf-dist/tex/generic/xypic/xyframe.tex
 Xy-pic option: Frame and Bracket extension v.3.14 loaded)
(d:/Program Files (x86)/texlive/2024/texmf-dist/tex/generic/xypic/xycmtip.tex
 Xy-pic option: Computer Modern tip extension v.3.7
(d:/Program Files (x86)/texlive/2024/texmf-dist/tex/generic/xypic/xytips.tex
 Xy-pic option: More Tips extension v.3.11 loaded) loaded)
(d:/Program Files (x86)/texlive/2024/texmf-dist/tex/generic/xypic/xyline.tex
 Xy-pic option: Line styles extension v.3.10
\xylinethick@=\dimen288
 loaded)
(d:/Program Files (x86)/texlive/2024/texmf-dist/tex/generic/xypic/xyrotate.tex
 Xy-pic option: Rotate and Scale extension v.3.8 loaded)
(d:/Program Files (x86)/texlive/2024/texmf-dist/tex/generic/xypic/xycolor.tex
 Xy-pic option: Colour extension v.3.11 loaded)
(d:/Program Files (x86)/texlive/2024/texmf-dist/tex/generic/xypic/xymatrix.tex
 Xy-pic option: Matrix feature v.3.14
\Row=\count317
\Col=\count318
\queue@=\toks49
\queue@@=\toks50
\qcount@=\count319
\qcount@@=\count320
\matrixsize@=\count321
 loaded)
(d:/Program Files (x86)/texlive/2024/texmf-dist/tex/generic/xypic/xyarrow.tex
 Xy-pic option: Arrow and Path feature v.3.9 path, \ar, loaded)
(d:/Program Files (x86)/texlive/2024/texmf-dist/tex/generic/xypic/xygraph.tex
 Xy-pic option: Graph feature v.3.11 loaded) loaded)
(d:/Program Files (x86)/texlive/2024/texmf-dist/tex/generic/xypic/xypdf.tex
 Xy-pic option: PDF driver v.1.7 Xy-pic pdf driver: `color' extension support
(d:/Program Files (x86)/texlive/2024/texmf-dist/tex/generic/xypic/xypdf-co.tex
loaded) Xy-pic pdf driver: `curve' extension support
(d:/Program Files (x86)/texlive/2024/texmf-dist/tex/generic/xypic/xypdf-cu.tex
loaded) Xy-pic pdf driver: `frame' extension support
(d:/Program Files (x86)/texlive/2024/texmf-dist/tex/generic/xypic/xypdf-fr.tex
loaded) Xy-pic pdf driver: `line' extension support
(d:/Program Files (x86)/texlive/2024/texmf-dist/tex/generic/xypic/xypdf-li.tex
loaded) Xy-pic pdf driver: `rotate' extension support
(d:/Program Files (x86)/texlive/2024/texmf-dist/tex/generic/xypic/xypdf-ro.tex
loaded) loaded))
(d:/Program Files (x86)/texlive/2024/texmf-dist/tex/latex/enumitem/enumitem.sty
Package: enumitem 2019/06/20 v3.9 Customized lists
\enitkv@toks@=\toks51
\labelindent=\skip56
\enit@outerparindent=\dimen289
\enit@toks=\toks52
\enit@inbox=\box64
\enit@count@id=\count322
\enitdp@description=\count323
) (d:/Program Files (x86)/texlive/2024/texmf-dist/tex/generic/xypic/xypic.tex
(d:/Program Files (x86)/texlive/2024/texmf-dist/tex/generic/xypic/xyv2.tex
 Xy-pic option: Version 2 Compatibility v.3.8

Xy-pic Warning: `\stop' redefined.

loaded))
\c@thm=\count324
\c@cond=\count325
LaTeX Font Info:    Trying to load font information for OT1+txr on input line 4
1.

(d:/Program Files (x86)/texlive/2024/texmf-dist/tex/latex/txfonts/ot1txr.fd
File: ot1txr.fd 2000/12/15 v3.1
)
(d:/Program Files (x86)/texlive/2024/texmf-dist/tex/latex/l3backend/l3backend-p
dftex.def
File: l3backend-pdftex.def 2024-02-20 L3 backend support: PDF output (pdfTeX)
\l__color_backend_stack_int=\count326
\l__pdf_internal_box=\box65
) (./2026-2.aux)
\openout1 = `2026-2.aux'.

LaTeX Font Info:    Checking defaults for OML/txmi/m/it on input line 41.
LaTeX Font Info:    Trying to load font information for OML+txmi on input line 
41.

(d:/Program Files (x86)/texlive/2024/texmf-dist/tex/latex/txfonts/omltxmi.fd
File: omltxmi.fd 2000/12/15 v3.1
)
LaTeX Font Info:    ... okay on input line 41.
LaTeX Font Info:    Checking defaults for OMS/txsy/m/n on input line 41.
LaTeX Font Info:    Trying to load font information for OMS+txsy on input line 
41.

(d:/Program Files (x86)/texlive/2024/texmf-dist/tex/latex/txfonts/omstxsy.fd
File: omstxsy.fd 2000/12/15 v3.1
)
LaTeX Font Info:    ... okay on input line 41.
LaTeX Font Info:    Checking defaults for OT1/cmr/m/n on input line 41.
LaTeX Font Info:    ... okay on input line 41.
LaTeX Font Info:    Checking defaults for T1/cmr/m/n on input line 41.
LaTeX Font Info:    ... okay on input line 41.
LaTeX Font Info:    Checking defaults for TS1/cmr/m/n on input line 41.
LaTeX Font Info:    ... okay on input line 41.
LaTeX Font Info:    Checking defaults for OMX/txex/m/n on input line 41.
LaTeX Font Info:    Trying to load font information for OMX+txex on input line 
41.

(d:/Program Files (x86)/texlive/2024/texmf-dist/tex/latex/txfonts/omxtxex.fd
File: omxtxex.fd 2000/12/15 v3.1
)
LaTeX Font Info:    ... okay on input line 41.
LaTeX Font Info:    Checking defaults for U/txexa/m/n on input line 41.
LaTeX Font Info:    Trying to load font information for U+txexa on input line 4
1.

(d:/Program Files (x86)/texlive/2024/texmf-dist/tex/latex/txfonts/utxexa.fd
File: utxexa.fd 2000/12/15 v3.1
)
LaTeX Font Info:    ... okay on input line 41.
LaTeX Font Info:    Checking defaults for T3/cmr/m/n on input line 41.
LaTeX Font Info:    Trying to load font information for T3+cmr on input line 41
.

(d:/Program Files (x86)/texlive/2024/texmf-dist/tex/latex/tipa/t3cmr.fd
File: t3cmr.fd 2001/12/31 TIPA font definitions
)
LaTeX Font Info:    ... okay on input line 41.

(d:/Program Files (x86)/texlive/2024/texmf-dist/tex/context/base/mkii/supp-pdf.
mkii
[Loading MPS to PDF converter (version 2006.09.02).]
\scratchcounter=\count327
\scratchdimen=\dimen290
\scratchbox=\box66
\nofMPsegments=\count328
\nofMParguments=\count329
\everyMPshowfont=\toks53
\MPscratchCnt=\count330
\MPscratchDim=\dimen291
\MPnumerator=\count331
\makeMPintoPDFobject=\count332
\everyMPtoPDFconversion=\toks54
)
(d:/Program Files (x86)/texlive/2024/texmf-dist/tex/latex/epstopdf-pkg/epstopdf
-base.sty
Package: epstopdf-base 2020-01-24 v2.11 Base part for package epstopdf
Package epstopdf-base Info: Redefining graphics rule for `.eps' on input line 4
85.

(d:/Program Files (x86)/texlive/2024/texmf-dist/tex/latex/latexconfig/epstopdf-
sys.cfg
File: epstopdf-sys.cfg 2010/07/13 v1.3 Configuration of (r)epstopdf for TeX Liv
e
))
\c@lstlisting=\count333
LaTeX Font Info:    Trying to load font information for U+txsya on input line 4
1.

(d:/Program Files (x86)/texlive/2024/texmf-dist/tex/latex/txfonts/utxsya.fd
File: utxsya.fd 2000/12/15 v3.1
)
LaTeX Font Info:    Trying to load font information for U+txsyb on input line 4
1.

(d:/Program Files (x86)/texlive/2024/texmf-dist/tex/latex/txfonts/utxsyb.fd
File: utxsyb.fd 2000/12/15 v3.1
)
LaTeX Font Info:    Trying to load font information for U+lasy on input line 41
.

(d:/Program Files (x86)/texlive/2024/texmf-dist/tex/latex/base/ulasy.fd
File: ulasy.fd 1998/08/17 v2.2e LaTeX symbol font definitions
)
LaTeX Font Info:    Trying to load font information for U+rsfs on input line 41
.

(d:/Program Files (x86)/texlive/2024/texmf-dist/tex/latex/jknapltx/ursfs.fd
File: ursfs.fd 1998/03/24 rsfs font definition file (jk)
)
LaTeX Font Info:    Trying to load font information for U+txmia on input line 4
1.

(d:/Program Files (x86)/texlive/2024/texmf-dist/tex/latex/txfonts/utxmia.fd
File: utxmia.fd 2000/12/15 v3.1
)
LaTeX Font Info:    Trying to load font information for U+txsyc on input line 4
1.

(d:/Program Files (x86)/texlive/2024/texmf-dist/tex/latex/txfonts/utxsyc.fd
File: utxsyc.fd 2000/12/15 v3.1
)
Package xypdf Info: Line width: 0.61319pt on input line 41.
LaTeX Font Info:    Font shape `OT1/txr/b/n' in size <14.4> not available
(Font)              Font shape `OT1/txr/bx/n' tried instead on input line 55.
LaTeX Font Info:    Font shape `OT1/txr/b/n' in size <10> not available
(Font)              Font shape `OT1/txr/bx/n' tried instead on input line 59.
LaTeX Font Info:    Font shape `OT1/txr/b/n' in size <10.95> not available
(Font)              Font shape `OT1/txr/bx/n' tried instead on input line 111.

Underfull \hbox (badness 10000) in paragraph at lines 129--135

 []


Underfull \hbox (badness 10000) in paragraph at lines 129--135

 []


Underfull \hbox (badness 10000) in paragraph at lines 139--141

 []

LaTeX Font Info:    Trying to load font information for TS1+txr on input line 1
46.
(d:/Program Files (x86)/texlive/2024/texmf-dist/tex/latex/txfonts/ts1txr.fd
File: ts1txr.fd 2000/12/15 v3.1
)
LaTeX Font Info:    Trying to load font information for OMS+txr on input line 1
51.

(d:/Program Files (x86)/texlive/2024/texmf-dist/tex/latex/txfonts/omstxr.fd
File: omstxr.fd 2000/12/15 v3.1
)
LaTeX Font Info:    Font shape `OMS/txr/m/n' in size <10.95> not available
(Font)              Font shape `OMS/txsy/m/n' tried instead on input line 151.

[1
Non-PDF special ignored!
<special> header=pstricks.pro
Non-PDF special ignored!
<special> header=pst-algparser.pro
Non-PDF special ignored!
<special> header=pst-tools.pro
Non-PDF special ignored!
<special> header=pst-dots.pro

Non-PDF special ignored!
<special> ps: /pssetRGBcolor /setrgbcolor load def /pssetCMYKcolor /setcmyk...
Non-PDF special ignored!
<special> ps:tx@Dict begin  gsave STV CP T /ps@rot 0 def grestore  end
Non-PDF special ignored!
<special> ps:tx@Dict begin  gsave STV CP T /ps@refangle 0.  def grestore  e...
{d:/Program Files (x86)/texlive/2024/texmf-var/fonts/map/pdftex/updmap/pdftex.m
ap}{d:/Program Files (x86)/texlive/2024/texmf-dist/fonts/enc/dvips/base/8r.enc}
]
Underfull \hbox (badness 10000) in paragraph at lines 169--177

 []


LaTeX Warning: Command \i invalid in math mode on input line 215.


LaTeX Warning: Command \i invalid in math mode on input line 215.

[2]
Underfull \hbox (badness 10000) in paragraph at lines 242--257

 []


Underfull \hbox (badness 10000) in paragraph at lines 242--257

 []

[3] <xymatrix 7x5 718> [4]
Underfull \hbox (badness 10000) in paragraph at lines 357--362

 []


Underfull \hbox (badness 10000) in paragraph at lines 357--362

 []


Underfull \hbox (badness 10000) in paragraph at lines 363--370

 []


Underfull \hbox (badness 10000) in paragraph at lines 363--370

 []


Underfull \hbox (badness 10000) in paragraph at lines 373--375

 []

[5] [6] [7]

LaTeX Warning: Command \o invalid in math mode on input line 554.

[8]

LaTeX Warning: Command \i invalid in math mode on input line 591.


LaTeX Warning: Command \i invalid in math mode on input line 591.

[9] (./2026-2.aux)
 ***********
LaTeX2e <2023-11-01> patch level 1
L3 programming layer <2024-02-20>
 ***********
 ) 
Here is how much of TeX's memory you used:
 16983 strings out of 476023
 272507 string characters out of 5789692
 1949190 words of memory out of 5000000
 38778 multiletter control sequences out of 15000+600000
 602944 words of font info for 155 fonts, out of 8000000 for 9000
 37 hyphenation exceptions out of 8191
 75i,13n,72p,3238b,443s stack positions out of 10000i,1000n,20000p,200000b,200000s
<d:/Program Files (x86)/texlive/2024/texmf-dist/fonts/type1/public/rsfs/rsfs1
0.pfb><d:/Program Files (x86)/texlive/2024/texmf-dist/fonts/type1/public/txfont
s/rtcxr.pfb><d:/Program Files (x86)/texlive/2024/texmf-dist/fonts/type1/public/
txfonts/rtxi.pfb><d:/Program Files (x86)/texlive/2024/texmf-dist/fonts/type1/pu
blic/txfonts/rtxmi.pfb><d:/Program Files (x86)/texlive/2024/texmf-dist/fonts/ty
pe1/public/txfonts/rtxr.pfb><d:/Program Files (x86)/texlive/2024/texmf-dist/fon
ts/type1/public/txfonts/txex.pfb><d:/Program Files (x86)/texlive/2024/texmf-dis
t/fonts/type1/public/txfonts/txsy.pfb><d:/Program Files (x86)/texlive/2024/texm
f-dist/fonts/type1/public/txfonts/txsya.pfb><d:/Program Files (x86)/texlive/202
4/texmf-dist/fonts/type1/public/txfonts/txsyb.pfb><d:/Program Files (x86)/texli
ve/2024/texmf-dist/fonts/type1/public/txfonts/txsyc.pfb><d:/Program Files (x86)
/texlive/2024/texmf-dist/fonts/type1/urw/times/utmb8a.pfb><d:/Program Files (x8
6)/texlive/2024/texmf-dist/fonts/type1/urw/times/utmr8a.pfb><d:/Program Files (
x86)/texlive/2024/texmf-dist/fonts/type1/urw/times/utmri8a.pfb><d:/Program File
s (x86)/texlive/2024/texmf-dist/fonts/type1/public/xypic/xyatip10.pfb><d:/Progr
am Files (x86)/texlive/2024/texmf-dist/fonts/type1/public/xypic/xybtip10.pfb>
Output written on 2026-2.pdf (9 pages, 124715 bytes).
PDF statistics:
 110 PDF objects out of 1000 (max. 8388607)
 68 compressed objects within 1 object stream
 0 named destinations out of 1000 (max. 500000)
 1 words of extra memory for PDF output out of 10000 (max. 10000000)

