Row 1E+: 12 primitive actions.
Row 3: 40 primitive actions.
Row 9E+: 27 primitive actions.
Row 9E-: 71 primitive actions.
Row 10: 22 primitive actions.
Row 19E+: 14 primitive actions.
Row 19E-: 9 primitive actions.
Row 20: 22 primitive actions.
Row 21E+: 16 primitive actions.
Row 22: 74 primitive actions.
Row 23E+: 4 primitive actions.
Row 24: 5 primitive actions.
Row 25: 4 primitive actions.
Row 28: 3 primitive actions.
Row 48: 7 primitive actions.
Row 49: 4 primitive actions.
Row 50: 2 primitive actions.
Row 51: 8 primitive actions.
Row 52: 1 primitive actions.
Row 53: 3 primitive actions.
Row 62: 2 primitive actions.
Row 63: 2 primitive actions.
Row 64: 2 primitive actions.
Row 65: 11 primitive actions.
Row 66: 2 primitive actions.
Row 67: 2 primitive actions.
Row 68: 3 primitive actions.
Row 69: 2 primitive actions.
Row 71: 16 primitive actions.
Row 72: 2 primitive actions.
Row 74: 7 primitive actions.
Row 75: 10 primitive actions.
Row 117: 2 primitive actions.
All 411 residual actions are linearly primitive.
Every one has an abundant vector.
Balanced-pair certificates: 402 (394 from a regular pair and 8 from
two distinct chain-abundant orbits).
The remaining 9 satisfy the cubic condition.
